// Jest Snapshot v1, https://goo.gl/fbAQLP

exports[`<Main /> shold render the heading 1`] = `
<main
  class="styles__Wrapper-dzx1ao-0 daNyOe"
>
  <img
    alt="Vercel"
    class="styles__Logo-dzx1ao-1 dUetyB"
    src="/vercel.svg"
  />
  <h1
    class="styles__Title-dzx1ao-2 fXIGei"
  >
    React Boilerplate
  </h1>
  <h2
    class="styles__Subtitle-dzx1ao-3 eojGG"
  >
    A complete boilerplate
  </h2>
  <img
    alt="Aweti Mask"
    class="styles__Illustration-dzx1ao-4 fCSVlw"
    src="AwetiMask.svg"
  />
</main>
`
